// before set
x = ""
y = ""

// set value
x = "1"
y = "2"

// set value again
x = "3"
y = "3"
