// define test

// calling test
  p = ""
  p = "1"
  p = "11"
  p = "111"
  p = "1111"
  p = "11111"
    Stopping recursion.
