

// define test

// define test2

// define test3

// calling test
  Hello world! (inside test)
  globalVarA = "Hello World!"

// calling test2
  Hello universe! (inside test2)

// calling test3
  Received parameters in test3:
  - a = "1"
  - b = "hey"
  - c = "1234"

  // calling test2
  Hello universe! (inside test2)
