// before set
x = "1"
y = "2"

// set value
x = "hello"
y = "world"

// set inside for loop
  x = "item #1"
  y = "world"
  x = "item #2"
  y = "world"
  x = "item #3"
  y = "world"

// after for loop
x = "hello"
y = "world"
